
RAxML-NG v. 2.0.0 released on 11.03.2026 by The Exelixis Lab.
Developed by: Oleksiy M. Kozlov and Alexandros Stamatakis.
Contributors: Diego Darriba, Tomas Flouri, Benoit Morel, Sarah Lutteropp, Ben Bettisworth,
              Julia Haag, Anastasis Togkousidis, Julius Wiegert, Christoph Stelz.
Latest version: https://github.com/amkozlov/raxml-ng
Questions/problems/suggestions? Please visit: https://groups.google.com/forum/#!forum/raxml

System: Intel(R) Core(TM) i5-5350U CPU @ 1.80GHz, 2 cores, 8 GB RAM

RAxML-NG was called at 06-Apr-2026 21:09:32 as follows:

./raxml-ng --all --msa metazoa_alignment.5k.fasta --model LG+G8+F --tree pars{5} --bs-trees 100

Analysis options:
  run mode: Tree with branch support (adaptive) (Felsenstein Bootstrap)
  start tree(s): parsimony+BRLEN (5)
  bootstrap replicates: parsimony (100)
  random seed: 1775524172
  tip-inner: OFF
  pattern compression: ON
  per-rate scalers: OFF
  site repeats: ON
  logLH epsilon: general: 10.000000, brlen-triplet: 1000.000000
  stopping rule: OFF
  fast spr radius: AUTO
  spr subtree cutoff: 1.000000
  fast CLV updates: ON
  branch lengths: proportional (ML estimate, algorithm: NR-FAST)
  FreeRate optimization method: AUTO
  SIMD kernels: AVX2
  parallelization: coarse-grained (auto), PTHREADS (auto)

[00:00:00] Reading alignment from file: metazoa_alignment.5k.fasta
[00:00:00] Loaded alignment with 22 taxa and 5000 sites

WARNING: State 1 has very low frequency (0.000000000)!
WARNING: State 3 has very low frequency (0.000000000)!
WARNING: State 5 has very low frequency (0.000000000)!
WARNING: State 6 has very low frequency (0.000000000)!
WARNING: State 8 has very low frequency (0.000000000)!
WARNING: State 9 has very low frequency (0.000000000)!
WARNING: State 10 has very low frequency (0.000000000)!
WARNING: State 11 has very low frequency (0.000000000)!
WARNING: State 12 has very low frequency (0.000000000)!
WARNING: State 13 has very low frequency (0.000000000)!
WARNING: State 14 has very low frequency (0.000000000)!
WARNING: State 15 has very low frequency (0.000000000)!
WARNING: State 17 has very low frequency (0.000000000)!
WARNING: State 18 has very low frequency (0.000000000)!
WARNING: State 19 has very low frequency (0.000000000)!

WARNING: Some states have very low frequencies, which might lead to numerical issues!

Alignment comprises 1 partitions and 4500 patterns

Partition 0: noname
Model: LG+FC+G8m
Alignment sites / patterns: 5000 / 4500
Gaps: 32.97 %
Invariant sites: 10.94 %


[00:00:00] Adaptive mode: Predicting difficulty of the MSA ...
[00:00:00] Parallel parsimony: 24 trees with 2 threads
[00:00:00] Predicted difficulty: 0.14

NOTE: Binary MSA file created: metazoa_alignment.5k.fasta.raxml.rba

[00:00:00] Generating 5 parsimony starting tree(s) with 22 taxa
Parallelization scheme: 1 worker(s) x 2 thread(s)

Parallel reduction/worker buffer size: 1 KB  / 0 KB

[00:00:00] Data distribution: max. partitions/sites/weight per thread: 1 / 2250 / 360000
[00:00:00] Data distribution: max. searches per worker: 105

Starting ML tree search with 5 distinct starting trees

[00:01:52] ML tree search #1, logLikelihood: -76502.479281
[00:03:36] ML tree search #2, logLikelihood: -76500.305394
[00:13:48] ML tree search #3, logLikelihood: -76502.468514
[00:22:27] ML tree search #4, logLikelihood: -76502.302199
[00:24:22] ML tree search #5, logLikelihood: -76502.466856

[00:24:22] ML tree search completed, best tree logLH: -76500.305394

[00:24:22] Starting bootstrapping analysis with 100 replicates.

[00:25:42] Bootstrap tree #1, logLikelihood: -76826.574098
[00:27:07] Bootstrap tree #2, logLikelihood: -76871.625056
[00:28:39] Bootstrap tree #3, logLikelihood: -76559.715096
[00:29:45] Bootstrap tree #4, logLikelihood: -75358.765162
[00:31:15] Bootstrap tree #5, logLikelihood: -77148.255379
[00:32:37] Bootstrap tree #6, logLikelihood: -77153.658270
[00:34:18] Bootstrap tree #7, logLikelihood: -75917.079741
[00:35:37] Bootstrap tree #8, logLikelihood: -76233.042881
[00:37:03] Bootstrap tree #9, logLikelihood: -76586.995378
[00:41:14] Bootstrap tree #10, logLikelihood: -75645.027322
[00:43:02] Bootstrap tree #11, logLikelihood: -76337.636964
[00:44:19] Bootstrap tree #12, logLikelihood: -76005.352462
[00:45:40] Bootstrap tree #13, logLikelihood: -76391.680479
[00:47:02] Bootstrap tree #14, logLikelihood: -76883.077569
[00:48:21] Bootstrap tree #15, logLikelihood: -76873.625010
[00:49:37] Bootstrap tree #16, logLikelihood: -76250.280687
[00:50:54] Bootstrap tree #17, logLikelihood: -76984.133395
[00:52:47] Bootstrap tree #18, logLikelihood: -75898.316650
[01:21:35] Bootstrap tree #19, logLikelihood: -77159.010234
[01:22:51] Bootstrap tree #20, logLikelihood: -75927.735207
[01:24:04] Bootstrap tree #21, logLikelihood: -76993.474354
[01:25:26] Bootstrap tree #22, logLikelihood: -76420.098402
[01:26:48] Bootstrap tree #23, logLikelihood: -76876.371578
[01:28:48] Bootstrap tree #24, logLikelihood: -75502.190322
[01:39:59] Bootstrap tree #25, logLikelihood: -76925.929509
[01:41:53] Bootstrap tree #26, logLikelihood: -76209.852986
[01:43:39] Bootstrap tree #27, logLikelihood: -76623.904214
[01:44:59] Bootstrap tree #28, logLikelihood: -76913.964135
[01:46:20] Bootstrap tree #29, logLikelihood: -77487.847070
[01:47:34] Bootstrap tree #30, logLikelihood: -76516.822397
[01:49:15] Bootstrap tree #31, logLikelihood: -77175.527448
[01:50:38] Bootstrap tree #32, logLikelihood: -74953.044430
[01:52:21] Bootstrap tree #33, logLikelihood: -76686.986317
[01:53:31] Bootstrap tree #34, logLikelihood: -77628.191472
[01:54:44] Bootstrap tree #35, logLikelihood: -76301.157208
[01:56:21] Bootstrap tree #36, logLikelihood: -76398.989511
[01:59:03] Bootstrap tree #37, logLikelihood: -76843.372898
[02:09:56] Bootstrap tree #38, logLikelihood: -76825.504535
[02:11:19] Bootstrap tree #39, logLikelihood: -76909.985031
[02:12:35] Bootstrap tree #40, logLikelihood: -76936.769293
[02:13:43] Bootstrap tree #41, logLikelihood: -76166.382155
[02:14:47] Bootstrap tree #42, logLikelihood: -77236.163554
[02:16:03] Bootstrap tree #43, logLikelihood: -75988.502015
[02:17:09] Bootstrap tree #44, logLikelihood: -76518.346159
[02:18:25] Bootstrap tree #45, logLikelihood: -76992.157503
[02:19:41] Bootstrap tree #46, logLikelihood: -75944.922454
[02:21:30] Bootstrap tree #47, logLikelihood: -76266.406283
[02:22:35] Bootstrap tree #48, logLikelihood: -75815.339255
[02:23:53] Bootstrap tree #49, logLikelihood: -76480.444071
[02:25:06] Bootstrap tree #50, logLikelihood: -76095.931067
[02:26:27] Bootstrap tree #51, logLikelihood: -77048.810385
[02:27:31] Bootstrap tree #52, logLikelihood: -77372.294595
[02:28:57] Bootstrap tree #53, logLikelihood: -75988.601974
[02:30:02] Bootstrap tree #54, logLikelihood: -76091.471999
[02:31:11] Bootstrap tree #55, logLikelihood: -77098.949466
[02:32:17] Bootstrap tree #56, logLikelihood: -75711.650850
[02:33:32] Bootstrap tree #57, logLikelihood: -76604.361795
[02:35:18] Bootstrap tree #58, logLikelihood: -76906.607553
[02:36:29] Bootstrap tree #59, logLikelihood: -76947.947238
[02:37:44] Bootstrap tree #60, logLikelihood: -77378.594185
[02:39:09] Bootstrap tree #61, logLikelihood: -75876.132123
[02:40:17] Bootstrap tree #62, logLikelihood: -77683.974911
[02:42:02] Bootstrap tree #63, logLikelihood: -76091.703450
[02:43:19] Bootstrap tree #64, logLikelihood: -76395.414835
[02:44:46] Bootstrap tree #65, logLikelihood: -76490.448045
[02:46:10] Bootstrap tree #66, logLikelihood: -76898.524928
[02:47:54] Bootstrap tree #67, logLikelihood: -76592.048171
[02:49:01] Bootstrap tree #68, logLikelihood: -76215.117853
[02:50:18] Bootstrap tree #69, logLikelihood: -76320.309889
[02:51:41] Bootstrap tree #70, logLikelihood: -75758.073441
[02:52:57] Bootstrap tree #71, logLikelihood: -76163.736390
[02:54:30] Bootstrap tree #72, logLikelihood: -76569.774806
[02:56:04] Bootstrap tree #73, logLikelihood: -76346.436106
[02:57:51] Bootstrap tree #74, logLikelihood: -76589.169234
[02:59:18] Bootstrap tree #75, logLikelihood: -76507.574206
[03:00:41] Bootstrap tree #76, logLikelihood: -76794.871906
[03:02:18] Bootstrap tree #77, logLikelihood: -76086.477372
[03:03:49] Bootstrap tree #78, logLikelihood: -76905.032671
[03:05:57] Bootstrap tree #79, logLikelihood: -76543.010143
[03:07:32] Bootstrap tree #80, logLikelihood: -76424.939100
[03:09:04] Bootstrap tree #81, logLikelihood: -76470.569827
[03:10:11] Bootstrap tree #82, logLikelihood: -76142.814472
[03:11:57] Bootstrap tree #83, logLikelihood: -75995.555373
[03:13:04] Bootstrap tree #84, logLikelihood: -76451.565555
[03:14:23] Bootstrap tree #85, logLikelihood: -76510.520879
[03:15:39] Bootstrap tree #86, logLikelihood: -76051.046910
[03:17:50] Bootstrap tree #87, logLikelihood: -75946.104188
[03:19:59] Bootstrap tree #88, logLikelihood: -77149.893282
[03:21:35] Bootstrap tree #89, logLikelihood: -77198.947790
[03:23:08] Bootstrap tree #90, logLikelihood: -76220.555124
[03:24:40] Bootstrap tree #91, logLikelihood: -76595.183939
[03:25:46] Bootstrap tree #92, logLikelihood: -76885.774343
[03:27:11] Bootstrap tree #93, logLikelihood: -75967.847414
[03:29:22] Bootstrap tree #94, logLikelihood: -76974.449467
[03:30:34] Bootstrap tree #95, logLikelihood: -76681.973453
[03:32:05] Bootstrap tree #96, logLikelihood: -75954.283749
[03:33:30] Bootstrap tree #97, logLikelihood: -75212.875141
[03:35:33] Bootstrap tree #98, logLikelihood: -75434.123723
[03:36:44] Bootstrap tree #99, logLikelihood: -76263.503404
[03:38:18] Bootstrap tree #100, logLikelihood: -77326.157584

Optimized model parameters:

   Partition 0: noname
   Rate heterogeneity: GAMMA (8 cats, mean),  alpha: 0.689624 (ML),  weights&rates: (0.125000,0.025585) (0.125000,0.118362) (0.125000,0.260486) (0.125000,0.456700) (0.125000,0.726543) (0.125000,1.115380) (0.125000,1.749891) (0.125000,3.547052) 
   Base frequencies (empirical): 0.290773 0.000000 0.001193 0.000000 0.231550 0.000000 0.000000 0.253207 0.000000 0.000000 0.000000 0.000000 0.000000 0.000000 0.000000 0.000000 0.223277 0.000000 0.000000 0.000000 
   Substitution rates (model): 0.425093 0.276818 0.395144 2.489084 0.969894 1.038545 2.066040 0.358858 0.149830 0.395337 0.536518 1.124035 0.253701 1.177651 4.727182 2.139501 0.180717 0.218959 2.547870 0.751878 0.123954 0.534551 2.807908 0.363970 0.390192 2.426601 0.126991 0.301848 6.326067 0.484133 0.052722 0.332533 0.858151 0.578987 0.593607 0.314440 0.170887 5.076149 0.528768 1.695752 0.541712 1.437645 4.509238 0.191503 0.068427 2.145078 0.371004 0.089525 0.161787 4.008358 2.000679 0.045376 0.612025 0.083688 0.062556 0.523386 5.243870 0.844926 0.927114 0.010690 0.015076 0.282959 0.025548 0.017416 0.394456 1.240275 0.425860 0.029890 0.135107 0.037967 0.084808 0.003499 0.569265 0.640543 0.320627 0.594007 0.013266 0.893680 1.105251 0.075382 2.784478 1.143480 0.670128 1.165532 1.959291 4.128591 0.267959 4.813505 0.072854 0.582457 3.234294 1.672569 0.035855 0.624294 1.223828 1.080136 0.236199 0.257336 0.210332 0.348847 0.423881 0.044265 0.069673 1.807177 0.173735 0.018811 0.419409 0.611973 0.604545 0.077852 0.120037 0.245034 0.311484 0.008705 0.044261 0.296636 0.139538 0.089586 0.196961 1.739990 0.129836 0.268491 0.054679 0.076701 0.108882 0.366317 0.697264 0.442472 0.682139 0.508851 0.990012 0.584262 0.597054 5.306834 0.119013 4.145067 0.159069 4.273607 1.112727 0.078281 0.064105 1.033739 0.111660 0.232523 10.649107 0.137500 6.312358 2.592692 0.249060 0.182287 0.302936 0.619632 0.299648 1.702745 0.656604 0.023918 0.390322 0.748683 1.136863 0.049906 0.131932 0.185202 1.798853 0.099849 0.346960 2.020366 0.696175 0.481306 1.898718 0.094464 0.361819 0.165001 2.457121 7.803902 0.654683 1.338132 0.571468 0.095131 0.089613 0.296501 6.472279 0.248862 0.400547 0.098369 0.140825 0.245841 2.188158 3.151815 0.189510 0.249313 


Final LogLikelihood: -76500.305394

AIC score: 153122.610787 / AICc score: 153124.142581 / BIC score: 153520.159572
Free parameters (model + branch lengths): 61

Best ML tree saved to: /Users/davidlunsfordthesecond/Desktop/Bioinformatics/Midterm2/metazoa_alignment.5k.fasta.raxml.bestTree
All ML trees saved to: /Users/davidlunsfordthesecond/Desktop/Bioinformatics/Midterm2/metazoa_alignment.5k.fasta.raxml.mlTrees
Best ML tree with Felsenstein bootstrap (FBP) support values saved to: /Users/davidlunsfordthesecond/Desktop/Bioinformatics/Midterm2/metazoa_alignment.5k.fasta.raxml.support
Optimized model saved to: /Users/davidlunsfordthesecond/Desktop/Bioinformatics/Midterm2/metazoa_alignment.5k.fasta.raxml.bestModel
Bootstrap trees saved to: /Users/davidlunsfordthesecond/Desktop/Bioinformatics/Midterm2/metazoa_alignment.5k.fasta.raxml.bootstraps

Execution log saved to: /Users/davidlunsfordthesecond/Desktop/Bioinformatics/Midterm2/metazoa_alignment.5k.fasta.raxml.log

Analysis started: 06-Apr-2026 21:09:32 / finished: 07-Apr-2026 00:47:51

Elapsed time: 13098.945 seconds

